{
  "version": "1.5.0",
  "plugins_used": [
    {
      "name": "ArtifactoryDetector"
    },
    {
      "name": "AWSKeyDetector"
    },
    {
      "name": "AzureStorageKeyDetector"
    },
    {
      "name": "Base64HighEntropyString",
      "limit": 4.5
    },
    {
      "name": "BasicAuthDetector"
    },
    {
      "name": "CloudantDetector"
    },
    {
      "name": "DiscordBotTokenDetector"
    },
    {
      "name": "GitHubTokenDetector"
    },
    {
      "name": "GitLabTokenDetector"
    },
    {
      "name": "HexHighEntropyString",
      "limit": 3.0
    },
    {
      "name": "IbmCloudIamDetector"
    },
    {
      "name": "IbmCosHmacDetector"
    },
    {
      "name": "IPPublicDetector"
    },
    {
      "name": "JwtTokenDetector"
    },
    {
      "name": "KeywordDetector",
      "keyword_exclude": ""
    },
    {
      "name": "MailchimpDetector"
    },
    {
      "name": "NpmDetector"
    },
    {
      "name": "OpenAIDetector"
    },
    {
      "name": "PrivateKeyDetector"
    },
    {
      "name": "PypiTokenDetector"
    },
    {
      "name": "SendGridDetector"
    },
    {
      "name": "SlackDetector"
    },
    {
      "name": "SoftlayerDetector"
    },
    {
      "name": "SquareOAuthDetector"
    },
    {
      "name": "StripeDetector"
    },
    {
      "name": "TelegramBotTokenDetector"
    },
    {
      "name": "TwilioKeyDetector"
    }
  ],
  "filters_used": [
    {
      "path": "detect_secrets.filters.allowlist.is_line_allowlisted"
    },
    {
      "path": "detect_secrets.filters.common.is_baseline_file",
      "filename": ".secrets.baseline"
    },
    {
      "path": "detect_secrets.filters.common.is_ignored_due_to_verification_policies",
      "min_level": 2
    },
    {
      "path": "detect_secrets.filters.heuristic.is_indirect_reference"
    },
    {
      "path": "detect_secrets.filters.heuristic.is_likely_id_string"
    },
    {
      "path": "detect_secrets.filters.heuristic.is_lock_file"
    },
    {
      "path": "detect_secrets.filters.heuristic.is_not_alphanumeric_string"
    },
    {
      "path": "detect_secrets.filters.heuristic.is_potential_uuid"
    },
    {
      "path": "detect_secrets.filters.heuristic.is_prefixed_with_dollar_sign"
    },
    {
      "path": "detect_secrets.filters.heuristic.is_sequential_string"
    },
    {
      "path": "detect_secrets.filters.heuristic.is_swagger_file"
    },
    {
      "path": "detect_secrets.filters.heuristic.is_templated_secret"
    }
  ],
  "results": {
    ".github/workflows/ci.yml": [
      {
        "type": "Secret Keyword",
        "filename": ".github/workflows/ci.yml",
        "hashed_secret": "afc848c316af1a89d49826c5ae9d00ed769415f3",
        "is_verified": false,
        "line_number": 28
      },
      {
        "type": "Basic Auth Credentials",
        "filename": ".github/workflows/ci.yml",
        "hashed_secret": "afc848c316af1a89d49826c5ae9d00ed769415f3",
        "is_verified": false,
        "line_number": 33
      }
    ],
    "api/README.md": [
      {
        "type": "Basic Auth Credentials",
        "filename": "api/README.md",
        "hashed_secret": "1a91d62f7ca67399625a4368a6ab5d4a3baa6073",
        "is_verified": false,
        "line_number": 66
      }
    ],
    "api/tests/integration/test_api_contract.py": [
      {
        "type": "Hex High Entropy String",
        "filename": "api/tests/integration/test_api_contract.py",
        "hashed_secret": "1c30858e90d7e19165bc0de15af4642a38ca07ef",
        "is_verified": false,
        "line_number": 61
      },
      {
        "type": "Hex High Entropy String",
        "filename": "api/tests/integration/test_api_contract.py",
        "hashed_secret": "82280e66261d5d1c7a5b86b675714528c6f8db8f",
        "is_verified": false,
        "line_number": 63
      }
    ],
    "api/tests/integration/test_audit_security.py": [
      {
        "type": "Secret Keyword",
        "filename": "api/tests/integration/test_audit_security.py",
        "hashed_secret": "24140b6e9f185b4e7c255f6f95b2cc51f0772218",
        "is_verified": false,
        "line_number": 136
      },
      {
        "type": "Secret Keyword",
        "filename": "api/tests/integration/test_audit_security.py",
        "hashed_secret": "7b7b660424fe079c8ef5afdddc9e1203e62dbfb7",
        "is_verified": false,
        "line_number": 211
      }
    ],
    "api/tests/integration/test_auth.py": [
      {
        "type": "Secret Keyword",
        "filename": "api/tests/integration/test_auth.py",
        "hashed_secret": "99ef3a2900438d3e4f082a1393f8e2cdf75dc973",
        "is_verified": false,
        "line_number": 63
      },
      {
        "type": "Secret Keyword",
        "filename": "api/tests/integration/test_auth.py",
        "hashed_secret": "f048e55c54a009935b8ba9f56d6d581a31805fcf",
        "is_verified": false,
        "line_number": 196
      },
      {
        "type": "Secret Keyword",
        "filename": "api/tests/integration/test_auth.py",
        "hashed_secret": "db80b736ba62d4b694daf614c57f2c0bbafd42ed",
        "is_verified": false,
        "line_number": 202
      },
      {
        "type": "Secret Keyword",
        "filename": "api/tests/integration/test_auth.py",
        "hashed_secret": "7b7b660424fe079c8ef5afdddc9e1203e62dbfb7",
        "is_verified": false,
        "line_number": 228
      },
      {
        "type": "Secret Keyword",
        "filename": "api/tests/integration/test_auth.py",
        "hashed_secret": "8e965e2fa6079dab3a6b4f315369c4b4d3a63b90",
        "is_verified": false,
        "line_number": 234
      },
      {
        "type": "Secret Keyword",
        "filename": "api/tests/integration/test_auth.py",
        "hashed_secret": "e15467232410579b8fe71ede5316770a6942067a",
        "is_verified": false,
        "line_number": 251
      },
      {
        "type": "Secret Keyword",
        "filename": "api/tests/integration/test_auth.py",
        "hashed_secret": "e7258569fe7c3acb8d8c1706e7c740151917bc42",
        "is_verified": false,
        "line_number": 326
      }
    ],
    "api/tests/integration/test_auth_remediation.py": [
      {
        "type": "Secret Keyword",
        "filename": "api/tests/integration/test_auth_remediation.py",
        "hashed_secret": "2f5330521b099234ea288554bfe92e45d885e949",
        "is_verified": false,
        "line_number": 91
      },
      {
        "type": "Secret Keyword",
        "filename": "api/tests/integration/test_auth_remediation.py",
        "hashed_secret": "74b097496ed5443a7a8e06ef9942f09fbe2aa502",
        "is_verified": false,
        "line_number": 98
      },
      {
        "type": "Secret Keyword",
        "filename": "api/tests/integration/test_auth_remediation.py",
        "hashed_secret": "b59954fedc71c7a8f2694a5b14ac38e2784a48d6",
        "is_verified": false,
        "line_number": 101
      },
      {
        "type": "Secret Keyword",
        "filename": "api/tests/integration/test_auth_remediation.py",
        "hashed_secret": "99ef3a2900438d3e4f082a1393f8e2cdf75dc973",
        "is_verified": false,
        "line_number": 135
      },
      {
        "type": "Secret Keyword",
        "filename": "api/tests/integration/test_auth_remediation.py",
        "hashed_secret": "b5e03520bf7592db636adbcb0bdd44d63c0f5523",
        "is_verified": false,
        "line_number": 198
      }
    ],
    "api/tests/integration/test_final_merge_blockers.py": [
      {
        "type": "Secret Keyword",
        "filename": "api/tests/integration/test_final_merge_blockers.py",
        "hashed_secret": "e719ed18a3fae7b1fab9c07d2b5b71af776d2cca",
        "is_verified": false,
        "line_number": 500
      }
    ],
    "api/tests/integration/test_founder_governance.py": [
      {
        "type": "Secret Keyword",
        "filename": "api/tests/integration/test_founder_governance.py",
        "hashed_secret": "9a02d9deda61c5eee41783b71242a93257bf573f",
        "is_verified": false,
        "line_number": 291
      }
    ],
    "api/tests/integration/test_intake_lock.py": [
      {
        "type": "Secret Keyword",
        "filename": "api/tests/integration/test_intake_lock.py",
        "hashed_secret": "99ef3a2900438d3e4f082a1393f8e2cdf75dc973",
        "is_verified": false,
        "line_number": 47
      }
    ],
    "api/tests/integration/test_mfa.py": [
      {
        "type": "Secret Keyword",
        "filename": "api/tests/integration/test_mfa.py",
        "hashed_secret": "c89fec3a8d24802fce5d67bab6487406047d78b5",
        "is_verified": false,
        "line_number": 88
      },
      {
        "type": "Secret Keyword",
        "filename": "api/tests/integration/test_mfa.py",
        "hashed_secret": "2f5330521b099234ea288554bfe92e45d885e949",
        "is_verified": false,
        "line_number": 152
      },
      {
        "type": "Secret Keyword",
        "filename": "api/tests/integration/test_mfa.py",
        "hashed_secret": "318733a968294f2a64d63bd3831a2df7ca460b75",
        "is_verified": false,
        "line_number": 305
      }
    ],
    "api/tests/integration/test_mfa_binding.py": [
      {
        "type": "Secret Keyword",
        "filename": "api/tests/integration/test_mfa_binding.py",
        "hashed_secret": "2f5330521b099234ea288554bfe92e45d885e949",
        "is_verified": false,
        "line_number": 50
      }
    ],
    "api/tests/integration/test_schema.py": [
      {
        "type": "Hex High Entropy String",
        "filename": "api/tests/integration/test_schema.py",
        "hashed_secret": "1c30858e90d7e19165bc0de15af4642a38ca07ef",
        "is_verified": false,
        "line_number": 379
      },
      {
        "type": "Hex High Entropy String",
        "filename": "api/tests/integration/test_schema.py",
        "hashed_secret": "82280e66261d5d1c7a5b86b675714528c6f8db8f",
        "is_verified": false,
        "line_number": 380
      }
    ],
    "api/tests/support/factory.py": [
      {
        "type": "Secret Keyword",
        "filename": "api/tests/support/factory.py",
        "hashed_secret": "145a2af67aaa90b6d1cb4b859f93ce439c603b53",
        "is_verified": false,
        "line_number": 22
      }
    ],
    "api/tests/unit/test_config_environments.py": [
      {
        "type": "Secret Keyword",
        "filename": "api/tests/unit/test_config_environments.py",
        "hashed_secret": "a7fe28a37f319f65900ab816f9d37f7e5e7afd7d",
        "is_verified": false,
        "line_number": 40
      },
      {
        "type": "Secret Keyword",
        "filename": "api/tests/unit/test_config_environments.py",
        "hashed_secret": "b102f0d948404131bffb8cf0183441a7aefb2717",
        "is_verified": false,
        "line_number": 131
      }
    ],
    "api/tests/unit/test_governance_docs.py": [
      {
        "type": "Hex High Entropy String",
        "filename": "api/tests/unit/test_governance_docs.py",
        "hashed_secret": "bfef028dfea28ad1a48c57bb136aded2185e5b76",
        "is_verified": false,
        "line_number": 14
      },
      {
        "type": "Hex High Entropy String",
        "filename": "api/tests/unit/test_governance_docs.py",
        "hashed_secret": "784fdaf02ea0f239d79a97f4b99fa36ff8ecf967",
        "is_verified": false,
        "line_number": 15
      },
      {
        "type": "Hex High Entropy String",
        "filename": "api/tests/unit/test_governance_docs.py",
        "hashed_secret": "280215e81a787829e848b20f9fe5ee8b9e5b7fb6",
        "is_verified": false,
        "line_number": 118
      },
      {
        "type": "Hex High Entropy String",
        "filename": "api/tests/unit/test_governance_docs.py",
        "hashed_secret": "f76ba41ab1590606bd52852204fc938b64afe39a",
        "is_verified": false,
        "line_number": 119
      },
      {
        "type": "Hex High Entropy String",
        "filename": "api/tests/unit/test_governance_docs.py",
        "hashed_secret": "92a825415ed27d3f0c10c95bfa68a075cfa71e7f",
        "is_verified": false,
        "line_number": 120
      },
      {
        "type": "Hex High Entropy String",
        "filename": "api/tests/unit/test_governance_docs.py",
        "hashed_secret": "8baf7abd52b580b9b3904855ccf72ea5c9c8eb85",
        "is_verified": false,
        "line_number": 121
      },
      {
        "type": "Hex High Entropy String",
        "filename": "api/tests/unit/test_governance_docs.py",
        "hashed_secret": "6f3881c419f8e32aff807d29fb13a1f362ace93b",
        "is_verified": false,
        "line_number": 123
      },
      {
        "type": "Hex High Entropy String",
        "filename": "api/tests/unit/test_governance_docs.py",
        "hashed_secret": "ae5728f5371846f7d111174ff1eb97e254f95ed3",
        "is_verified": false,
        "line_number": 124
      },
      {
        "type": "Hex High Entropy String",
        "filename": "api/tests/unit/test_governance_docs.py",
        "hashed_secret": "8eb3962c76e273f73e487b428c8f130ea3a5b2c8",
        "is_verified": false,
        "line_number": 125
      },
      {
        "type": "Hex High Entropy String",
        "filename": "api/tests/unit/test_governance_docs.py",
        "hashed_secret": "7531ddab552551543f6ef745d43ebcbfafadc7d6",
        "is_verified": false,
        "line_number": 126
      },
      {
        "type": "Hex High Entropy String",
        "filename": "api/tests/unit/test_governance_docs.py",
        "hashed_secret": "348819c988b93d767a517fc413505b47e8599df2",
        "is_verified": false,
        "line_number": 127
      },
      {
        "type": "Hex High Entropy String",
        "filename": "api/tests/unit/test_governance_docs.py",
        "hashed_secret": "70a4b9a44841f2e98cd3130d12f04c3b062cc845",
        "is_verified": false,
        "line_number": 129
      },
      {
        "type": "Hex High Entropy String",
        "filename": "api/tests/unit/test_governance_docs.py",
        "hashed_secret": "cdb23cd4ed0e519de02cffc7e8e4f7339bb6be26",
        "is_verified": false,
        "line_number": 130
      },
      {
        "type": "Hex High Entropy String",
        "filename": "api/tests/unit/test_governance_docs.py",
        "hashed_secret": "b0606e408c00cd892ad7d2a99cf66a9a9dd86a24",
        "is_verified": false,
        "line_number": 131
      },
      {
        "type": "Hex High Entropy String",
        "filename": "api/tests/unit/test_governance_docs.py",
        "hashed_secret": "1bec8bdbd4a5f4b68623d3ee002230aeb3cef908",
        "is_verified": false,
        "line_number": 132
      },
      {
        "type": "Hex High Entropy String",
        "filename": "api/tests/unit/test_governance_docs.py",
        "hashed_secret": "f347d86b885d722b9b5f28422281169e9b063346",
        "is_verified": false,
        "line_number": 133
      }
    ],
    "api/tests/unit/test_ids_time_jcs.py": [
      {
        "type": "Hex High Entropy String",
        "filename": "api/tests/unit/test_ids_time_jcs.py",
        "hashed_secret": "1c30858e90d7e19165bc0de15af4642a38ca07ef",
        "is_verified": false,
        "line_number": 23
      },
      {
        "type": "Hex High Entropy String",
        "filename": "api/tests/unit/test_ids_time_jcs.py",
        "hashed_secret": "82280e66261d5d1c7a5b86b675714528c6f8db8f",
        "is_verified": false,
        "line_number": 25
      },
      {
        "type": "Hex High Entropy String",
        "filename": "api/tests/unit/test_ids_time_jcs.py",
        "hashed_secret": "bf22d190155883e0beb0b090d2bfb3ad12fc5f4c",
        "is_verified": false,
        "line_number": 26
      }
    ],
    "api/veda/kernel/errors.py": [
      {
        "type": "Secret Keyword",
        "filename": "api/veda/kernel/errors.py",
        "hashed_secret": "82bde2d99285779d940c36fdcdb9c3e9afa40d2f",
        "is_verified": false,
        "line_number": 33
      },
      {
        "type": "Secret Keyword",
        "filename": "api/veda/kernel/errors.py",
        "hashed_secret": "d1f465c7364756112d624d91be231c165862cdef",
        "is_verified": false,
        "line_number": 58
      },
      {
        "type": "Secret Keyword",
        "filename": "api/veda/kernel/errors.py",
        "hashed_secret": "3fb76972e76d6fc5532b14909da4d88b46b72659",
        "is_verified": false,
        "line_number": 59
      }
    ],
    "api/veda/modules/crm/leads/service.py": [
      {
        "type": "Base64 High Entropy String",
        "filename": "api/veda/modules/crm/leads/service.py",
        "hashed_secret": "3ea6cf17f95e272933a3b927317b7210d1bac5d5",
        "is_verified": false,
        "line_number": 29
      }
    ],
    "api/veda/platform/auth/crypto.py": [
      {
        "type": "Base64 High Entropy String",
        "filename": "api/veda/platform/auth/crypto.py",
        "hashed_secret": "0517fc7ad20f41ebe9ff7c6835a9a9609cfe8504",
        "is_verified": false,
        "line_number": 26
      }
    ],
    "api/veda/platform/auth/service.py": [
      {
        "type": "Secret Keyword",
        "filename": "api/veda/platform/auth/service.py",
        "hashed_secret": "301e799255db683ad81f4522798176fb62d0a6c4",
        "is_verified": false,
        "line_number": 265
      }
    ],
    "app/e2e/access.e2e.mjs": [
      {
        "type": "Secret Keyword",
        "filename": "app/e2e/access.e2e.mjs",
        "hashed_secret": "1ef8ddb2390c1d332efec13a00271d4ecc90861c",
        "is_verified": false,
        "line_number": 17
      },
      {
        "type": "Base64 High Entropy String",
        "filename": "app/e2e/access.e2e.mjs",
        "hashed_secret": "6a40fbb3bd3c0673c9bff6ad305c8181d648a9bb",
        "is_verified": false,
        "line_number": 20
      }
    ],
    "app/e2e/axe.e2e.mjs": [
      {
        "type": "Base64 High Entropy String",
        "filename": "app/e2e/axe.e2e.mjs",
        "hashed_secret": "6a40fbb3bd3c0673c9bff6ad305c8181d648a9bb",
        "is_verified": false,
        "line_number": 16
      }
    ],
    "app/e2e/workspace.e2e.mjs": [
      {
        "type": "Secret Keyword",
        "filename": "app/e2e/workspace.e2e.mjs",
        "hashed_secret": "9a02d9deda61c5eee41783b71242a93257bf573f",
        "is_verified": false,
        "line_number": 15
      },
      {
        "type": "Base64 High Entropy String",
        "filename": "app/e2e/workspace.e2e.mjs",
        "hashed_secret": "6a40fbb3bd3c0673c9bff6ad305c8181d648a9bb",
        "is_verified": false,
        "line_number": 20
      }
    ],
    "app/test/components.test.ts": [
      {
        "type": "Hex High Entropy String",
        "filename": "app/test/components.test.ts",
        "hashed_secret": "0a716f20a3e448144a5d79616b31c522e16ee693",
        "is_verified": false,
        "line_number": 35
      }
    ],
    "app/test/router.test.ts": [
      {
        "type": "Hex High Entropy String",
        "filename": "app/test/router.test.ts",
        "hashed_secret": "a8bb560b927c45849d35032e49551110b9ab7d47",
        "is_verified": false,
        "line_number": 82
      }
    ],
    "docs/architecture/07-audit.md": [
      {
        "type": "Hex High Entropy String",
        "filename": "docs/architecture/07-audit.md",
        "hashed_secret": "3cb625df8bca6eed90bb1a031e28923a616a1bfd",
        "is_verified": false,
        "line_number": 93
      },
      {
        "type": "Hex High Entropy String",
        "filename": "docs/architecture/07-audit.md",
        "hashed_secret": "c7b6958415fbf07ac22a1fbed812a6b4d182f531",
        "is_verified": false,
        "line_number": 100
      }
    ],
    "docs/architecture/08-api-design.md": [
      {
        "type": "Base64 High Entropy String",
        "filename": "docs/architecture/08-api-design.md",
        "hashed_secret": "48d0da80df8770fd61a76580ab4cf5072968b0c9",
        "is_verified": false,
        "line_number": 152
      },
      {
        "type": "Secret Keyword",
        "filename": "docs/architecture/08-api-design.md",
        "hashed_secret": "abf7aad6438836dbe526aa231abde2d0eef74d42",
        "is_verified": false,
        "line_number": 244
      },
      {
        "type": "Hex High Entropy String",
        "filename": "docs/architecture/08-api-design.md",
        "hashed_secret": "c7b6958415fbf07ac22a1fbed812a6b4d182f531",
        "is_verified": false,
        "line_number": 259
      },
      {
        "type": "Hex High Entropy String",
        "filename": "docs/architecture/08-api-design.md",
        "hashed_secret": "0a716f20a3e448144a5d79616b31c522e16ee693",
        "is_verified": false,
        "line_number": 575
      }
    ],
    "docs/architecture/review-remediation-matrix.json": [
      {
        "type": "Hex High Entropy String",
        "filename": "docs/architecture/review-remediation-matrix.json",
        "hashed_secret": "066ec0ffb1d8d4c5fc3a9ea1b42964fbca6b3f3d",
        "is_verified": false,
        "line_number": 4
      },
      {
        "type": "Hex High Entropy String",
        "filename": "docs/architecture/review-remediation-matrix.json",
        "hashed_secret": "77fa5cfdf539138e255ff1d4ba1031451c4891b3",
        "is_verified": false,
        "line_number": 6
      },
      {
        "type": "Hex High Entropy String",
        "filename": "docs/architecture/review-remediation-matrix.json",
        "hashed_secret": "4e7d86fcb0a20e391cc960e7bf78e076b08c3376",
        "is_verified": false,
        "line_number": 567
      }
    ],
    "docs/architecture/validation-report.json": [
      {
        "type": "Hex High Entropy String",
        "filename": "docs/architecture/validation-report.json",
        "hashed_secret": "ebc7d1dff520e7039e9781d9aad8bbb2dd1e36f9",
        "is_verified": false,
        "line_number": 5
      },
      {
        "type": "Hex High Entropy String",
        "filename": "docs/architecture/validation-report.json",
        "hashed_secret": "066ec0ffb1d8d4c5fc3a9ea1b42964fbca6b3f3d",
        "is_verified": false,
        "line_number": 6
      },
      {
        "type": "Hex High Entropy String",
        "filename": "docs/architecture/validation-report.json",
        "hashed_secret": "4e7d86fcb0a20e391cc960e7bf78e076b08c3376",
        "is_verified": false,
        "line_number": 8
      }
    ],
    "docs/implementation/P0-final-merge-blocker-matrix.json": [
      {
        "type": "Hex High Entropy String",
        "filename": "docs/implementation/P0-final-merge-blocker-matrix.json",
        "hashed_secret": "92a825415ed27d3f0c10c95bfa68a075cfa71e7f",
        "is_verified": false,
        "line_number": 4
      }
    ],
    "docs/implementation/P0-implementation-deviations.json": [
      {
        "type": "Hex High Entropy String",
        "filename": "docs/implementation/P0-implementation-deviations.json",
        "hashed_secret": "280215e81a787829e848b20f9fe5ee8b9e5b7fb6",
        "is_verified": false,
        "line_number": 3
      },
      {
        "type": "Hex High Entropy String",
        "filename": "docs/implementation/P0-implementation-deviations.json",
        "hashed_secret": "f76ba41ab1590606bd52852204fc938b64afe39a",
        "is_verified": false,
        "line_number": 373
      }
    ],
    "docs/implementation/P0-open-issues.json": [
      {
        "type": "Hex High Entropy String",
        "filename": "docs/implementation/P0-open-issues.json",
        "hashed_secret": "bfef028dfea28ad1a48c57bb136aded2185e5b76",
        "is_verified": false,
        "line_number": 3562
      }
    ],
    "docs/implementation/P0-owner-decision-package.json": [
      {
        "type": "Hex High Entropy String",
        "filename": "docs/implementation/P0-owner-decision-package.json",
        "hashed_secret": "bfef028dfea28ad1a48c57bb136aded2185e5b76",
        "is_verified": false,
        "line_number": 3
      },
      {
        "type": "Hex High Entropy String",
        "filename": "docs/implementation/P0-owner-decision-package.json",
        "hashed_secret": "8baf7abd52b580b9b3904855ccf72ea5c9c8eb85",
        "is_verified": false,
        "line_number": 4
      }
    ],
    "docs/implementation/P0-owner-decision-record.json": [
      {
        "type": "Hex High Entropy String",
        "filename": "docs/implementation/P0-owner-decision-record.json",
        "hashed_secret": "348819c988b93d767a517fc413505b47e8599df2",
        "is_verified": false,
        "line_number": 6
      },
      {
        "type": "Hex High Entropy String",
        "filename": "docs/implementation/P0-owner-decision-record.json",
        "hashed_secret": "8baf7abd52b580b9b3904855ccf72ea5c9c8eb85",
        "is_verified": false,
        "line_number": 8
      },
      {
        "type": "Hex High Entropy String",
        "filename": "docs/implementation/P0-owner-decision-record.json",
        "hashed_secret": "bfef028dfea28ad1a48c57bb136aded2185e5b76",
        "is_verified": false,
        "line_number": 9
      }
    ],
    "docs/implementation/P0-review-remediation-matrix.json": [
      {
        "type": "Hex High Entropy String",
        "filename": "docs/implementation/P0-review-remediation-matrix.json",
        "hashed_secret": "280215e81a787829e848b20f9fe5ee8b9e5b7fb6",
        "is_verified": false,
        "line_number": 4
      },
      {
        "type": "Hex High Entropy String",
        "filename": "docs/implementation/P0-review-remediation-matrix.json",
        "hashed_secret": "f76ba41ab1590606bd52852204fc938b64afe39a",
        "is_verified": false,
        "line_number": 5
      }
    ],
    "docs/implementation/evidence/bandit.txt": [
      {
        "type": "Secret Keyword",
        "filename": "docs/implementation/evidence/bandit.txt",
        "hashed_secret": "7f7b8d8df4582972fbe58ee47a3efee6b8b82fa9",
        "is_verified": false,
        "line_number": 34
      },
      {
        "type": "Secret Keyword",
        "filename": "docs/implementation/evidence/bandit.txt",
        "hashed_secret": "82bde2d99285779d940c36fdcdb9c3e9afa40d2f",
        "is_verified": false,
        "line_number": 48
      },
      {
        "type": "Secret Keyword",
        "filename": "docs/implementation/evidence/bandit.txt",
        "hashed_secret": "d1f465c7364756112d624d91be231c165862cdef",
        "is_verified": false,
        "line_number": 73
      },
      {
        "type": "Secret Keyword",
        "filename": "docs/implementation/evidence/bandit.txt",
        "hashed_secret": "3fb76972e76d6fc5532b14909da4d88b46b72659",
        "is_verified": false,
        "line_number": 74
      },
      {
        "type": "Secret Keyword",
        "filename": "docs/implementation/evidence/bandit.txt",
        "hashed_secret": "27ab984383228ac48e3bb8928e05f592beed08e4",
        "is_verified": false,
        "line_number": 121
      },
      {
        "type": "Secret Keyword",
        "filename": "docs/implementation/evidence/bandit.txt",
        "hashed_secret": "84e852e13a06468c3ea311439c2b813fcb30ef1c",
        "is_verified": false,
        "line_number": 295
      },
      {
        "type": "Secret Keyword",
        "filename": "docs/implementation/evidence/bandit.txt",
        "hashed_secret": "2c035ac06add3f441d7b835885958b03deac3d50",
        "is_verified": false,
        "line_number": 648
      },
      {
        "type": "Secret Keyword",
        "filename": "docs/implementation/evidence/bandit.txt",
        "hashed_secret": "97cdbdc7feff827efb082a6b6dd2727237cd49fd",
        "is_verified": false,
        "line_number": 670
      },
      {
        "type": "Secret Keyword",
        "filename": "docs/implementation/evidence/bandit.txt",
        "hashed_secret": "6eef6648406c333a4035cd5e60d0bf2ecf2606d7",
        "is_verified": false,
        "line_number": 681
      }
    ],
    "docs/implementation/evidence/final-merge-blockers/api-bandit-all.txt": [
      {
        "type": "Secret Keyword",
        "filename": "docs/implementation/evidence/final-merge-blockers/api-bandit-all.txt",
        "hashed_secret": "7f7b8d8df4582972fbe58ee47a3efee6b8b82fa9",
        "is_verified": false,
        "line_number": 26
      },
      {
        "type": "Secret Keyword",
        "filename": "docs/implementation/evidence/final-merge-blockers/api-bandit-all.txt",
        "hashed_secret": "82bde2d99285779d940c36fdcdb9c3e9afa40d2f",
        "is_verified": false,
        "line_number": 40
      },
      {
        "type": "Secret Keyword",
        "filename": "docs/implementation/evidence/final-merge-blockers/api-bandit-all.txt",
        "hashed_secret": "d1f465c7364756112d624d91be231c165862cdef",
        "is_verified": false,
        "line_number": 65
      },
      {
        "type": "Secret Keyword",
        "filename": "docs/implementation/evidence/final-merge-blockers/api-bandit-all.txt",
        "hashed_secret": "3fb76972e76d6fc5532b14909da4d88b46b72659",
        "is_verified": false,
        "line_number": 66
      },
      {
        "type": "Secret Keyword",
        "filename": "docs/implementation/evidence/final-merge-blockers/api-bandit-all.txt",
        "hashed_secret": "27ab984383228ac48e3bb8928e05f592beed08e4",
        "is_verified": false,
        "line_number": 113
      },
      {
        "type": "Secret Keyword",
        "filename": "docs/implementation/evidence/final-merge-blockers/api-bandit-all.txt",
        "hashed_secret": "84e852e13a06468c3ea311439c2b813fcb30ef1c",
        "is_verified": false,
        "line_number": 287
      },
      {
        "type": "Secret Keyword",
        "filename": "docs/implementation/evidence/final-merge-blockers/api-bandit-all.txt",
        "hashed_secret": "2c035ac06add3f441d7b835885958b03deac3d50",
        "is_verified": false,
        "line_number": 648
      },
      {
        "type": "Secret Keyword",
        "filename": "docs/implementation/evidence/final-merge-blockers/api-bandit-all.txt",
        "hashed_secret": "97cdbdc7feff827efb082a6b6dd2727237cd49fd",
        "is_verified": false,
        "line_number": 681
      },
      {
        "type": "Secret Keyword",
        "filename": "docs/implementation/evidence/final-merge-blockers/api-bandit-all.txt",
        "hashed_secret": "301e799255db683ad81f4522798176fb62d0a6c4",
        "is_verified": false,
        "line_number": 698
      },
      {
        "type": "Secret Keyword",
        "filename": "docs/implementation/evidence/final-merge-blockers/api-bandit-all.txt",
        "hashed_secret": "6eef6648406c333a4035cd5e60d0bf2ecf2606d7",
        "is_verified": false,
        "line_number": 758
      }
    ],
    "docs/implementation/evidence/final-merge-blockers/prefix-2f6b59a-test_archive_ordering.txt": [
      {
        "type": "Hex High Entropy String",
        "filename": "docs/implementation/evidence/final-merge-blockers/prefix-2f6b59a-test_archive_ordering.txt",
        "hashed_secret": "2761f726e91a432e4ea1f412dd10c10e1f4295ec",
        "is_verified": false,
        "line_number": 529
      }
    ],
    "docs/implementation/evidence/final-merge-blockers/prefix-2f6b59a-test_final_merge_blockers.txt": [
      {
        "type": "Hex High Entropy String",
        "filename": "docs/implementation/evidence/final-merge-blockers/prefix-2f6b59a-test_final_merge_blockers.txt",
        "hashed_secret": "0b0687092213a66f43154114bb7de1a6731ba807",
        "is_verified": false,
        "line_number": 14
      },
      {
        "type": "Hex High Entropy String",
        "filename": "docs/implementation/evidence/final-merge-blockers/prefix-2f6b59a-test_final_merge_blockers.txt",
        "hashed_secret": "89fafd832902601806ddb231eaefbde7293b1523",
        "is_verified": false,
        "line_number": 14
      },
      {
        "type": "Secret Keyword",
        "filename": "docs/implementation/evidence/final-merge-blockers/prefix-2f6b59a-test_final_merge_blockers.txt",
        "hashed_secret": "e719ed18a3fae7b1fab9c07d2b5b71af776d2cca",
        "is_verified": false,
        "line_number": 1010
      }
    ],
    "docs/implementation/evidence/final-merge-blockers/run1-pytest-pg18.txt": [
      {
        "type": "Hex High Entropy String",
        "filename": "docs/implementation/evidence/final-merge-blockers/run1-pytest-pg18.txt",
        "hashed_secret": "f1b0287e7a4a2f2e1376a6d52542671b3c726dc2",
        "is_verified": false,
        "line_number": 210
      }
    ],
    "docs/implementation/evidence/final-merge-blockers/security-regressions-pg16.txt": [
      {
        "type": "Hex High Entropy String",
        "filename": "docs/implementation/evidence/final-merge-blockers/security-regressions-pg16.txt",
        "hashed_secret": "ed6be8276b2854c0bca5394fb67cb1ad1f00a981",
        "is_verified": false,
        "line_number": 774
      },
      {
        "type": "Hex High Entropy String",
        "filename": "docs/implementation/evidence/final-merge-blockers/security-regressions-pg16.txt",
        "hashed_secret": "fa874ad8c2de27c53b81327b6b11d3ced3ce1ef1",
        "is_verified": false,
        "line_number": 2057
      },
      {
        "type": "Hex High Entropy String",
        "filename": "docs/implementation/evidence/final-merge-blockers/security-regressions-pg16.txt",
        "hashed_secret": "1efcb7115852265bc7a082139a791eff6ee0a3a0",
        "is_verified": false,
        "line_number": 4782
      },
      {
        "type": "Hex High Entropy String",
        "filename": "docs/implementation/evidence/final-merge-blockers/security-regressions-pg16.txt",
        "hashed_secret": "01c49332235410247536bcde888f6120285ee2cd",
        "is_verified": false,
        "line_number": 4814
      },
      {
        "type": "Hex High Entropy String",
        "filename": "docs/implementation/evidence/final-merge-blockers/security-regressions-pg16.txt",
        "hashed_secret": "2815efea60d5ca5f978e59649260d60d559e44c9",
        "is_verified": false,
        "line_number": 4847
      },
      {
        "type": "Hex High Entropy String",
        "filename": "docs/implementation/evidence/final-merge-blockers/security-regressions-pg16.txt",
        "hashed_secret": "98f4fddb109e750b1b2307a94ce499ad1d8bfa6c",
        "is_verified": false,
        "line_number": 4933
      }
    ],
    "docs/implementation/evidence/final-merge-blockers/security-regressions-sqlite.txt": [
      {
        "type": "Hex High Entropy String",
        "filename": "docs/implementation/evidence/final-merge-blockers/security-regressions-sqlite.txt",
        "hashed_secret": "ed6be8276b2854c0bca5394fb67cb1ad1f00a981",
        "is_verified": false,
        "line_number": 774
      },
      {
        "type": "Hex High Entropy String",
        "filename": "docs/implementation/evidence/final-merge-blockers/security-regressions-sqlite.txt",
        "hashed_secret": "fa874ad8c2de27c53b81327b6b11d3ced3ce1ef1",
        "is_verified": false,
        "line_number": 2057
      },
      {
        "type": "Hex High Entropy String",
        "filename": "docs/implementation/evidence/final-merge-blockers/security-regressions-sqlite.txt",
        "hashed_secret": "0c4f02127ae4581d7a20c262465cdc37a97f3b6f",
        "is_verified": false,
        "line_number": 2373
      },
      {
        "type": "Hex High Entropy String",
        "filename": "docs/implementation/evidence/final-merge-blockers/security-regressions-sqlite.txt",
        "hashed_secret": "1efcb7115852265bc7a082139a791eff6ee0a3a0",
        "is_verified": false,
        "line_number": 4888
      },
      {
        "type": "Hex High Entropy String",
        "filename": "docs/implementation/evidence/final-merge-blockers/security-regressions-sqlite.txt",
        "hashed_secret": "01c49332235410247536bcde888f6120285ee2cd",
        "is_verified": false,
        "line_number": 4920
      },
      {
        "type": "Hex High Entropy String",
        "filename": "docs/implementation/evidence/final-merge-blockers/security-regressions-sqlite.txt",
        "hashed_secret": "2815efea60d5ca5f978e59649260d60d559e44c9",
        "is_verified": false,
        "line_number": 4953
      },
      {
        "type": "Hex High Entropy String",
        "filename": "docs/implementation/evidence/final-merge-blockers/security-regressions-sqlite.txt",
        "hashed_secret": "98f4fddb109e750b1b2307a94ce499ad1d8bfa6c",
        "is_verified": false,
        "line_number": 5039
      }
    ],
    "docs/implementation/evidence/migration_evidence.py": [
      {
        "type": "Hex High Entropy String",
        "filename": "docs/implementation/evidence/migration_evidence.py",
        "hashed_secret": "82280e66261d5d1c7a5b86b675714528c6f8db8f",
        "is_verified": false,
        "line_number": 65
      }
    ],
    "docs/implementation/evidence/remediation/api-bandit-all.txt": [
      {
        "type": "Secret Keyword",
        "filename": "docs/implementation/evidence/remediation/api-bandit-all.txt",
        "hashed_secret": "7f7b8d8df4582972fbe58ee47a3efee6b8b82fa9",
        "is_verified": false,
        "line_number": 34
      },
      {
        "type": "Secret Keyword",
        "filename": "docs/implementation/evidence/remediation/api-bandit-all.txt",
        "hashed_secret": "82bde2d99285779d940c36fdcdb9c3e9afa40d2f",
        "is_verified": false,
        "line_number": 48
      },
      {
        "type": "Secret Keyword",
        "filename": "docs/implementation/evidence/remediation/api-bandit-all.txt",
        "hashed_secret": "d1f465c7364756112d624d91be231c165862cdef",
        "is_verified": false,
        "line_number": 73
      },
      {
        "type": "Secret Keyword",
        "filename": "docs/implementation/evidence/remediation/api-bandit-all.txt",
        "hashed_secret": "3fb76972e76d6fc5532b14909da4d88b46b72659",
        "is_verified": false,
        "line_number": 74
      },
      {
        "type": "Secret Keyword",
        "filename": "docs/implementation/evidence/remediation/api-bandit-all.txt",
        "hashed_secret": "27ab984383228ac48e3bb8928e05f592beed08e4",
        "is_verified": false,
        "line_number": 121
      },
      {
        "type": "Secret Keyword",
        "filename": "docs/implementation/evidence/remediation/api-bandit-all.txt",
        "hashed_secret": "84e852e13a06468c3ea311439c2b813fcb30ef1c",
        "is_verified": false,
        "line_number": 295
      },
      {
        "type": "Secret Keyword",
        "filename": "docs/implementation/evidence/remediation/api-bandit-all.txt",
        "hashed_secret": "2c035ac06add3f441d7b835885958b03deac3d50",
        "is_verified": false,
        "line_number": 656
      },
      {
        "type": "Secret Keyword",
        "filename": "docs/implementation/evidence/remediation/api-bandit-all.txt",
        "hashed_secret": "97cdbdc7feff827efb082a6b6dd2727237cd49fd",
        "is_verified": false,
        "line_number": 689
      },
      {
        "type": "Secret Keyword",
        "filename": "docs/implementation/evidence/remediation/api-bandit-all.txt",
        "hashed_secret": "301e799255db683ad81f4522798176fb62d0a6c4",
        "is_verified": false,
        "line_number": 706
      },
      {
        "type": "Secret Keyword",
        "filename": "docs/implementation/evidence/remediation/api-bandit-all.txt",
        "hashed_secret": "6eef6648406c333a4035cd5e60d0bf2ecf2606d7",
        "is_verified": false,
        "line_number": 766
      }
    ],
    "docs/implementation/evidence/remediation/ir01-prefix-postgresql.txt": [
      {
        "type": "Hex High Entropy String",
        "filename": "docs/implementation/evidence/remediation/ir01-prefix-postgresql.txt",
        "hashed_secret": "de30820d5ff13adaea39216e27b9d9005b698fdf",
        "is_verified": false,
        "line_number": 3
      },
      {
        "type": "Hex High Entropy String",
        "filename": "docs/implementation/evidence/remediation/ir01-prefix-postgresql.txt",
        "hashed_secret": "290fab52806281954e47860769efeb0caaabd27e",
        "is_verified": false,
        "line_number": 7
      },
      {
        "type": "Hex High Entropy String",
        "filename": "docs/implementation/evidence/remediation/ir01-prefix-postgresql.txt",
        "hashed_secret": "396339d75da8b8b69098618fb3baf1399496c1b7",
        "is_verified": false,
        "line_number": 15
      },
      {
        "type": "Hex High Entropy String",
        "filename": "docs/implementation/evidence/remediation/ir01-prefix-postgresql.txt",
        "hashed_secret": "a71c1c00e5bd3ccd2b8001697821fad99294e82d",
        "is_verified": false,
        "line_number": 19
      },
      {
        "type": "Hex High Entropy String",
        "filename": "docs/implementation/evidence/remediation/ir01-prefix-postgresql.txt",
        "hashed_secret": "7dcab40564f4b2e0245849d0ca297c93e06f3ef3",
        "is_verified": false,
        "line_number": 34
      },
      {
        "type": "Hex High Entropy String",
        "filename": "docs/implementation/evidence/remediation/ir01-prefix-postgresql.txt",
        "hashed_secret": "f68f51f287428e8a2e0ea14f1153e613979a474b",
        "is_verified": false,
        "line_number": 84
      },
      {
        "type": "Hex High Entropy String",
        "filename": "docs/implementation/evidence/remediation/ir01-prefix-postgresql.txt",
        "hashed_secret": "6fa6f4091b81aed4f7563001939561731494f94f",
        "is_verified": false,
        "line_number": 90
      }
    ],
    "docs/implementation/evidence/remediation/ir01-prefix-sqlite.txt": [
      {
        "type": "Hex High Entropy String",
        "filename": "docs/implementation/evidence/remediation/ir01-prefix-sqlite.txt",
        "hashed_secret": "7831ec83fd30e164b99b2a184c63cc5a334591e2",
        "is_verified": false,
        "line_number": 3
      },
      {
        "type": "Hex High Entropy String",
        "filename": "docs/implementation/evidence/remediation/ir01-prefix-sqlite.txt",
        "hashed_secret": "0f7da5c877499558ee77f050ec70b6abbb781bca",
        "is_verified": false,
        "line_number": 7
      },
      {
        "type": "Hex High Entropy String",
        "filename": "docs/implementation/evidence/remediation/ir01-prefix-sqlite.txt",
        "hashed_secret": "ad28e24f2c3371907175d9dd0ef9822ec0bb66f2",
        "is_verified": false,
        "line_number": 15
      },
      {
        "type": "Hex High Entropy String",
        "filename": "docs/implementation/evidence/remediation/ir01-prefix-sqlite.txt",
        "hashed_secret": "b6be418bdc31b5c154d8dd8263868ef3010f8694",
        "is_verified": false,
        "line_number": 19
      },
      {
        "type": "Hex High Entropy String",
        "filename": "docs/implementation/evidence/remediation/ir01-prefix-sqlite.txt",
        "hashed_secret": "540ec0af671e140267c1b8d3ba2f86fb2059277c",
        "is_verified": false,
        "line_number": 34
      },
      {
        "type": "Hex High Entropy String",
        "filename": "docs/implementation/evidence/remediation/ir01-prefix-sqlite.txt",
        "hashed_secret": "78d12b46ff4efb88d05d3d13ccdee8cfa405e8c0",
        "is_verified": false,
        "line_number": 78
      },
      {
        "type": "Hex High Entropy String",
        "filename": "docs/implementation/evidence/remediation/ir01-prefix-sqlite.txt",
        "hashed_secret": "b0116ba662add93b7a20819c63981aec209d6494",
        "is_verified": false,
        "line_number": 84
      }
    ],
    "docs/implementation/evidence/remediation/security-regressions-pg16.txt": [
      {
        "type": "Hex High Entropy String",
        "filename": "docs/implementation/evidence/remediation/security-regressions-pg16.txt",
        "hashed_secret": "40480e1b85ba3d88fea538ddba5cb0edc6d3297c",
        "is_verified": false,
        "line_number": 665
      },
      {
        "type": "Hex High Entropy String",
        "filename": "docs/implementation/evidence/remediation/security-regressions-pg16.txt",
        "hashed_secret": "dd1cf1382520d3db52591d8a026c58d449b4091f",
        "is_verified": false,
        "line_number": 1946
      },
      {
        "type": "Hex High Entropy String",
        "filename": "docs/implementation/evidence/remediation/security-regressions-pg16.txt",
        "hashed_secret": "1db86e59babd4558eaeebe3ef8107e11e375a504",
        "is_verified": false,
        "line_number": 2282
      }
    ],
    "docs/implementation/evidence/remediation/security-regressions-sqlite.txt": [
      {
        "type": "Hex High Entropy String",
        "filename": "docs/implementation/evidence/remediation/security-regressions-sqlite.txt",
        "hashed_secret": "40480e1b85ba3d88fea538ddba5cb0edc6d3297c",
        "is_verified": false,
        "line_number": 665
      },
      {
        "type": "Hex High Entropy String",
        "filename": "docs/implementation/evidence/remediation/security-regressions-sqlite.txt",
        "hashed_secret": "dd1cf1382520d3db52591d8a026c58d449b4091f",
        "is_verified": false,
        "line_number": 1946
      },
      {
        "type": "Hex High Entropy String",
        "filename": "docs/implementation/evidence/remediation/security-regressions-sqlite.txt",
        "hashed_secret": "0c4f02127ae4581d7a20c262465cdc37a97f3b6f",
        "is_verified": false,
        "line_number": 2256
      },
      {
        "type": "Hex High Entropy String",
        "filename": "docs/implementation/evidence/remediation/security-regressions-sqlite.txt",
        "hashed_secret": "1db86e59babd4558eaeebe3ef8107e11e375a504",
        "is_verified": false,
        "line_number": 2382
      }
    ],
    "docs/implementation/evidence/technical-conditions/focused-pg16.txt": [
      {
        "type": "Hex High Entropy String",
        "filename": "docs/implementation/evidence/technical-conditions/focused-pg16.txt",
        "hashed_secret": "7325c441e79ad34f151926b30001f7f2009cc64d",
        "is_verified": false,
        "line_number": 301
      },
      {
        "type": "Hex High Entropy String",
        "filename": "docs/implementation/evidence/technical-conditions/focused-pg16.txt",
        "hashed_secret": "add372cd9738579f94a7a2669db1507ef7fcdda0",
        "is_verified": false,
        "line_number": 446
      },
      {
        "type": "Hex High Entropy String",
        "filename": "docs/implementation/evidence/technical-conditions/focused-pg16.txt",
        "hashed_secret": "de11a320eb04e3bbb568ff8fc072d97901784e64",
        "is_verified": false,
        "line_number": 478
      },
      {
        "type": "Hex High Entropy String",
        "filename": "docs/implementation/evidence/technical-conditions/focused-pg16.txt",
        "hashed_secret": "5a1f8ad58fb588fd7707de989a1292ba99d09027",
        "is_verified": false,
        "line_number": 511
      }
    ],
    "docs/implementation/evidence/technical-conditions/focused-sqlite.txt": [
      {
        "type": "Hex High Entropy String",
        "filename": "docs/implementation/evidence/technical-conditions/focused-sqlite.txt",
        "hashed_secret": "7325c441e79ad34f151926b30001f7f2009cc64d",
        "is_verified": false,
        "line_number": 301
      },
      {
        "type": "Hex High Entropy String",
        "filename": "docs/implementation/evidence/technical-conditions/focused-sqlite.txt",
        "hashed_secret": "add372cd9738579f94a7a2669db1507ef7fcdda0",
        "is_verified": false,
        "line_number": 446
      },
      {
        "type": "Hex High Entropy String",
        "filename": "docs/implementation/evidence/technical-conditions/focused-sqlite.txt",
        "hashed_secret": "de11a320eb04e3bbb568ff8fc072d97901784e64",
        "is_verified": false,
        "line_number": 478
      },
      {
        "type": "Hex High Entropy String",
        "filename": "docs/implementation/evidence/technical-conditions/focused-sqlite.txt",
        "hashed_secret": "5a1f8ad58fb588fd7707de989a1292ba99d09027",
        "is_verified": false,
        "line_number": 511
      }
    ],
    "docs/proposals/amendments/amendments.json": [
      {
        "type": "Hex High Entropy String",
        "filename": "docs/proposals/amendments/amendments.json",
        "hashed_secret": "280215e81a787829e848b20f9fe5ee8b9e5b7fb6",
        "is_verified": false,
        "line_number": 3
      },
      {
        "type": "Hex High Entropy String",
        "filename": "docs/proposals/amendments/amendments.json",
        "hashed_secret": "bfef028dfea28ad1a48c57bb136aded2185e5b76",
        "is_verified": false,
        "line_number": 4
      },
      {
        "type": "Hex High Entropy String",
        "filename": "docs/proposals/amendments/amendments.json",
        "hashed_secret": "8baf7abd52b580b9b3904855ccf72ea5c9c8eb85",
        "is_verified": false,
        "line_number": 5
      }
    ],
    "infra/tests/fixtures/aut107-ssm-plan.json": [
      {
        "type": "Base64 High Entropy String",
        "filename": "infra/tests/fixtures/aut107-ssm-plan.json",
        "hashed_secret": "e151c17438104eaca602803b7faeb846c43190f2",
        "is_verified": false,
        "line_number": 367
      },
      {
        "type": "Base64 High Entropy String",
        "filename": "infra/tests/fixtures/aut107-ssm-plan.json",
        "hashed_secret": "fe63e28a95afda06e5926e9968f335c5e77ab91d",
        "is_verified": false,
        "line_number": 535
      },
      {
        "type": "Base64 High Entropy String",
        "filename": "infra/tests/fixtures/aut107-ssm-plan.json",
        "hashed_secret": "932df6a0845f1a35e0dd8aff495452f99ce0f10a",
        "is_verified": false,
        "line_number": 591
      },
      {
        "type": "Base64 High Entropy String",
        "filename": "infra/tests/fixtures/aut107-ssm-plan.json",
        "hashed_secret": "ead06f4c73a82af98d07d71c1bc59cdf604e307b",
        "is_verified": false,
        "line_number": 871
      },
      {
        "type": "Base64 High Entropy String",
        "filename": "infra/tests/fixtures/aut107-ssm-plan.json",
        "hashed_secret": "4be12fa31b1649404f1281a9b9167b06a0af39db",
        "is_verified": false,
        "line_number": 1431
      },
      {
        "type": "Base64 High Entropy String",
        "filename": "infra/tests/fixtures/aut107-ssm-plan.json",
        "hashed_secret": "68a37ba0b1664316ec08b81d41425c6f7f610d72",
        "is_verified": false,
        "line_number": 1487
      },
      {
        "type": "Base64 High Entropy String",
        "filename": "infra/tests/fixtures/aut107-ssm-plan.json",
        "hashed_secret": "dbada621dae4a9abe6a7ff957e8b66712901adca",
        "is_verified": false,
        "line_number": 1543
      },
      {
        "type": "Base64 High Entropy String",
        "filename": "infra/tests/fixtures/aut107-ssm-plan.json",
        "hashed_secret": "77c56af460bd4144aebb89427a0d8ca7a5066c0d",
        "is_verified": false,
        "line_number": 1599
      },
      {
        "type": "Base64 High Entropy String",
        "filename": "infra/tests/fixtures/aut107-ssm-plan.json",
        "hashed_secret": "2cdde7f64e20e109fa76c8eb03a800e6910b4e3e",
        "is_verified": false,
        "line_number": 1655
      },
      {
        "type": "Base64 High Entropy String",
        "filename": "infra/tests/fixtures/aut107-ssm-plan.json",
        "hashed_secret": "29e74fc17cf3f417dc67b178eb302c2d807a1044",
        "is_verified": false,
        "line_number": 1711
      },
      {
        "type": "Base64 High Entropy String",
        "filename": "infra/tests/fixtures/aut107-ssm-plan.json",
        "hashed_secret": "be053af9abd3938c8760b6a3bfec6b201d3b9e0f",
        "is_verified": false,
        "line_number": 1767
      },
      {
        "type": "Base64 High Entropy String",
        "filename": "infra/tests/fixtures/aut107-ssm-plan.json",
        "hashed_secret": "76fe5a04902fe8c498299cbc98cc47d4db3d2521",
        "is_verified": false,
        "line_number": 1823
      }
    ]
  },
  "generated_at": "2026-10-09T06:30:39Z"
}
